data/scripts.ts(17,16): error TS1109: Expression expected.
